Clock: core_clock
Sources: clk 
Generated: no
Virtual: yes
Propagated: no
Period: 6.667000

===========================================================================
report_clock_properties
============================================================================
Clock                   Period          Waveform
----------------------------------------------------
core_clock            6.667000    0.000000  3.333500

===========================================================================
report_clock_latency
============================================================================
Clock core_clock
rise -> rise
    min     max
0.000000 0.000000 source latency
0.648499         network latency _14730_/CLK
        0.804451 network latency _14683_/CLK
---------------
0.648499 0.804451 latency
        0.155952 skew

fall -> fall
    min     max
0.000000 0.000000 source latency
0.627251         network latency _14730_/CLK
        0.781682 network latency _14710_/CLK
---------------
0.627251 0.781682 latency
        0.154430 skew



===========================================================================
report_clock_min_period
============================================================================
core_clock period_min = 4.33 fmax = 230.81
