
===========================================================================
 report_power
============================================================================
======================= nom_slow_1p08V_125C Corner ===================================

Group                    Internal    Switching      Leakage        Total
                            Power        Power        Power        Power (Watts)
------------------------------------------------------------------------
Sequential           5.042992e-03 7.634556e-05 1.781443e-06 5.121119e-03  59.8%
Combinational        1.249749e-04 2.040710e-04 3.460856e-06 3.325068e-04   3.9%
Clock                1.901537e-03 1.202652e-03 2.644292e-06 3.106833e-03  36.3%
Macro                0.000000e+00 0.000000e+00 0.000000e+00 0.000000e+00   0.0%
Pad                  0.000000e+00 0.000000e+00 0.000000e+00 0.000000e+00   0.0%
------------------------------------------------------------------------
Total                7.069501e-03 1.483068e-03 7.886596e-06 8.560455e-03 100.0%
                            82.6%        17.3%         0.1%

