
===========================================================================
 report_power
============================================================================
======================= nom_fast_1p32V_m40C Corner ===================================

Group                    Internal    Switching      Leakage        Total
                            Power        Power        Power        Power (Watts)
------------------------------------------------------------------------
Sequential           7.600426e-03 1.204853e-04 8.115061e-07 7.721723e-03  57.9%
Combinational        1.971905e-04 3.316602e-04 1.853963e-06 5.307046e-04   4.0%
Clock                3.077266e-03 1.967299e-03 2.782426e-05 5.072389e-03  38.1%
Macro                0.000000e+00 0.000000e+00 0.000000e+00 0.000000e+00   0.0%
Pad                  0.000000e+00 0.000000e+00 0.000000e+00 0.000000e+00   0.0%
------------------------------------------------------------------------
Total                1.087489e-02 2.419443e-03 3.048915e-05 1.332482e-02 100.0%
                            81.6%        18.2%         0.2%

